Archive member included because of file (symbol)

c:/winavr-20100110/bin/../lib/gcc/avr/4.3.3/avr5\libgcc.a(_udivmodsi4.o)
                              ./TMU.o (__udivmodsi4)
c:/winavr-20100110/bin/../lib/gcc/avr/4.3.3/avr5\libgcc.a(_exit.o)
                              c:/winavr-20100110/bin/../lib/gcc/avr/4.3.3/../../../../avr/lib/avr5/crtm32.o (exit)
c:/winavr-20100110/bin/../lib/gcc/avr/4.3.3/avr5\libgcc.a(_clear_bss.o)
                              ./TMU.o (__do_clear_bss)

Allocating common symbols
Common symbol       size              file

TMU_ARR             0x320             ./TMU.o

Memory Configuration

Name             Origin             Length             Attributes
text             0x00000000         0x00020000         xr
data             0x00800060         0x0000ffa0         rw !x
eeprom           0x00810000         0x00010000         rw !x
fuse             0x00820000         0x00000400         rw !x
lock             0x00830000         0x00000400         rw !x
signature        0x00840000         0x00000400         rw !x
*default*        0x00000000         0xffffffff

Linker script and memory map

LOAD c:/winavr-20100110/bin/../lib/gcc/avr/4.3.3/../../../../avr/lib/avr5/crtm32.o
LOAD ./Buttons.o
LOAD ./Gpio.o
LOAD ./Interrupt.o
LOAD ./TMU.o
LOAD ./Timer.o
LOAD ./del.o
LOAD ./main.o
LOAD c:/winavr-20100110/bin/../lib/gcc/avr/4.3.3/avr5\libgcc.a
LOAD c:/winavr-20100110/bin/../lib/gcc/avr/4.3.3/../../../../avr/lib/avr5\libc.a
LOAD c:/winavr-20100110/bin/../lib/gcc/avr/4.3.3/avr5\libgcc.a

.hash
 *(.hash)

.dynsym
 *(.dynsym)

.dynstr
 *(.dynstr)

.gnu.version
 *(.gnu.version)

.gnu.version_d
 *(.gnu.version_d)

.gnu.version_r
 *(.gnu.version_r)

.rel.init
 *(.rel.init)

.rela.init
 *(.rela.init)

.rel.text
 *(.rel.text)
 *(.rel.text.*)
 *(.rel.gnu.linkonce.t*)

.rela.text
 *(.rela.text)
 *(.rela.text.*)
 *(.rela.gnu.linkonce.t*)

.rel.fini
 *(.rel.fini)

.rela.fini
 *(.rela.fini)

.rel.rodata
 *(.rel.rodata)
 *(.rel.rodata.*)
 *(.rel.gnu.linkonce.r*)

.rela.rodata
 *(.rela.rodata)
 *(.rela.rodata.*)
 *(.rela.gnu.linkonce.r*)

.rel.data
 *(.rel.data)
 *(.rel.data.*)
 *(.rel.gnu.linkonce.d*)

.rela.data
 *(.rela.data)
 *(.rela.data.*)
 *(.rela.gnu.linkonce.d*)

.rel.ctors
 *(.rel.ctors)

.rela.ctors
 *(.rela.ctors)

.rel.dtors
 *(.rel.dtors)

.rela.dtors
 *(.rela.dtors)

.rel.got
 *(.rel.got)

.rela.got
 *(.rela.got)

.rel.bss
 *(.rel.bss)

.rela.bss
 *(.rela.bss)

.rel.plt
 *(.rel.plt)

.rela.plt
 *(.rela.plt)

.text           0x00000000      0xd68
 *(.vectors)
 .vectors       0x00000000       0x54 c:/winavr-20100110/bin/../lib/gcc/avr/4.3.3/../../../../avr/lib/avr5/crtm32.o
                0x00000000                __vectors
                0x00000000                __vector_default
 *(.vectors)
 *(.progmem.gcc*)
 *(.progmem*)
                0x00000054                . = ALIGN (0x2)
                0x00000054                __trampolines_start = .
 *(.trampolines)
 .trampolines   0x00000054        0x0 linker stubs
 *(.trampolines*)
                0x00000054                __trampolines_end = .
 *(.jumptables)
 *(.jumptables*)
 *(.lowtext)
 *(.lowtext*)
                0x00000054                __ctors_start = .
 *(.ctors)
                0x00000054                __ctors_end = .
                0x00000054                __dtors_start = .
 *(.dtors)
                0x00000054                __dtors_end = .
 SORT(*)(.ctors)
 SORT(*)(.dtors)
 *(.init0)
 .init0         0x00000054        0x0 c:/winavr-20100110/bin/../lib/gcc/avr/4.3.3/../../../../avr/lib/avr5/crtm32.o
                0x00000054                __init
 *(.init0)
 *(.init1)
 *(.init1)
 *(.init2)
 .init2         0x00000054        0xc c:/winavr-20100110/bin/../lib/gcc/avr/4.3.3/../../../../avr/lib/avr5/crtm32.o
 *(.init2)
 *(.init3)
 *(.init3)
 *(.init4)
 .init4         0x00000060       0x10 c:/winavr-20100110/bin/../lib/gcc/avr/4.3.3/avr5\libgcc.a(_clear_bss.o)
                0x00000060                __do_clear_bss
 *(.init4)
 *(.init5)
 *(.init5)
 *(.init6)
 *(.init6)
 *(.init7)
 *(.init7)
 *(.init8)
 *(.init8)
 *(.init9)
 .init9         0x00000070        0x8 c:/winavr-20100110/bin/../lib/gcc/avr/4.3.3/../../../../avr/lib/avr5/crtm32.o
 *(.init9)
 *(.text)
 .text          0x00000078        0x4 c:/winavr-20100110/bin/../lib/gcc/avr/4.3.3/../../../../avr/lib/avr5/crtm32.o
                0x00000078                __vector_1
                0x00000078                __vector_12
                0x00000078                __bad_interrupt
                0x00000078                __vector_6
                0x00000078                __vector_3
                0x00000078                __vector_11
                0x00000078                __vector_13
                0x00000078                __vector_17
                0x00000078                __vector_19
                0x00000078                __vector_7
                0x00000078                __vector_5
                0x00000078                __vector_4
                0x00000078                __vector_9
                0x00000078                __vector_2
                0x00000078                __vector_15
                0x00000078                __vector_8
                0x00000078                __vector_14
                0x00000078                __vector_10
                0x00000078                __vector_16
                0x00000078                __vector_18
                0x00000078                __vector_20
 .text          0x0000007c        0x0 ./Buttons.o
 .text          0x0000007c        0x0 ./Gpio.o
 .text          0x0000007c        0x0 ./Interrupt.o
 .text          0x0000007c        0x0 ./TMU.o
 .text          0x0000007c        0x0 ./Timer.o
 .text          0x0000007c        0x0 ./del.o
 .text          0x0000007c        0x0 ./main.o
 .text          0x0000007c        0x0 c:/winavr-20100110/bin/../lib/gcc/avr/4.3.3/avr5\libgcc.a(_udivmodsi4.o)
 .text          0x0000007c        0x0 c:/winavr-20100110/bin/../lib/gcc/avr/4.3.3/avr5\libgcc.a(_exit.o)
 .text          0x0000007c        0x0 c:/winavr-20100110/bin/../lib/gcc/avr/4.3.3/avr5\libgcc.a(_clear_bss.o)
                0x0000007c                . = ALIGN (0x2)
 *(.text.*)
 .text.scan_btn1
                0x0000007c       0x3a ./Buttons.o
                0x0000007c                scan_btn1
 .text.scan_btn0
                0x000000b6       0x3a ./Buttons.o
                0x000000b6                scan_btn0
 .text.DIO_WritePin
                0x000000f0      0x1ea ./Gpio.o
                0x000000f0                DIO_WritePin
 .text.DIO_ReadPin
                0x000002da       0xe4 ./Gpio.o
                0x000002da                DIO_ReadPin
 .text.DIO_SetPinDirection
                0x000003be      0x1ea ./Gpio.o
                0x000003be                DIO_SetPinDirection
 .text.Global_Interrupt_Enable
                0x000005a8       0x1c ./Interrupt.o
                0x000005a8                Global_Interrupt_Enable
 .text.Timer1_overflow_Interrupt_Enable
                0x000005c4       0x1c ./Interrupt.o
                0x000005c4                Timer1_overflow_Interrupt_Enable
 .text.Timer0_overflow_Interrupt_Enable
                0x000005e0       0x1c ./Interrupt.o
                0x000005e0                Timer0_overflow_Interrupt_Enable
 .text.Timer1_Input_capture_Interrupt_Enable
                0x000005fc       0x1c ./Interrupt.o
                0x000005fc                Timer1_Input_capture_Interrupt_Enable
 .text.Ext2_Interrupt2_Enable
                0x00000618       0x1c ./Interrupt.o
                0x00000618                Ext2_Interrupt2_Enable
 .text.Ext2_Interrupt2_Mode
                0x00000634       0x56 ./Interrupt.o
                0x00000634                Ext2_Interrupt2_Mode
 .text.Global_Interrupt_Disable
                0x0000068a       0x1c ./Interrupt.o
                0x0000068a                Global_Interrupt_Disable
 .text.Timer0_overflow_Interrupt_Disable
                0x000006a6       0x1c ./Interrupt.o
                0x000006a6                Timer0_overflow_Interrupt_Disable
 .text.TMU_Init
                0x000006c2       0x46 ./TMU.o
                0x000006c2                TMU_Init
 .text.TMU_Start
                0x00000708       0xaa ./TMU.o
                0x00000708                TMU_Start
 .text.TMU_Stop
                0x000007b2       0x30 ./TMU.o
                0x000007b2                TMU_Stop
 .text.TMU_Dispatch
                0x000007e2      0x154 ./TMU.o
                0x000007e2                TMU_Dispatch
 .text.TMU_DeInit
                0x00000936       0x16 ./TMU.o
                0x00000936                TMU_DeInit
 .text.Notify   0x0000094c       0x34 ./TMU.o
                0x0000094c                Notify
 .text.Timer0_init
                0x00000980       0x40 ./Timer.o
                0x00000980                Timer0_init
 .text.Timer0_Set_TCNT0
                0x000009c0       0x1c ./Timer.o
                0x000009c0                Timer0_Set_TCNT0
 .text.Timer0_Set_OCR0
                0x000009dc       0x1c ./Timer.o
                0x000009dc                Timer0_Set_OCR0
 .text.timer_delay
                0x000009f8       0xa2 ./Timer.o
                0x000009f8                timer_delay
 .text.Timer0_Deinit
                0x00000a9a       0x38 ./Timer.o
                0x00000a9a                Timer0_Deinit
 .text.Timer0_Input_capture_Interrupt_Enable
                0x00000ad2       0x1c ./Timer.o
                0x00000ad2                Timer0_Input_capture_Interrupt_Enable
 .text.del_ms   0x00000aee       0x9a ./del.o
                0x00000aee                del_ms
 .text.main     0x00000b88       0x78 ./main.o
                0x00000b88                main
 .text.toggle_led0
                0x00000c00       0x2a ./main.o
                0x00000c00                toggle_led0
 .text.LED0_Init
                0x00000c2a       0x1e ./main.o
                0x00000c2a                LED0_Init
 .text.toggle_led1
                0x00000c48       0x2a ./main.o
                0x00000c48                toggle_led1
 .text.LED1_Init
                0x00000c72       0x1e ./main.o
                0x00000c72                LED1_Init
 .text.toggle_led2
                0x00000c90       0x2a ./main.o
                0x00000c90                toggle_led2
 .text.LED2_Init
                0x00000cba       0x1e ./main.o
                0x00000cba                LED2_Init
 .text.toggle_led3
                0x00000cd8       0x2a ./main.o
                0x00000cd8                toggle_led3
 .text.LED3_Init
                0x00000d02       0x1e ./main.o
                0x00000d02                LED3_Init
 .text.libgcc   0x00000d20       0x44 c:/winavr-20100110/bin/../lib/gcc/avr/4.3.3/avr5\libgcc.a(_udivmodsi4.o)
                0x00000d20                __udivmodsi4
 .text.libgcc   0x00000d64        0x0 c:/winavr-20100110/bin/../lib/gcc/avr/4.3.3/avr5\libgcc.a(_exit.o)
 .text.libgcc   0x00000d64        0x0 c:/winavr-20100110/bin/../lib/gcc/avr/4.3.3/avr5\libgcc.a(_clear_bss.o)
                0x00000d64                . = ALIGN (0x2)
 *(.fini9)
 .fini9         0x00000d64        0x0 c:/winavr-20100110/bin/../lib/gcc/avr/4.3.3/avr5\libgcc.a(_exit.o)
                0x00000d64                exit
                0x00000d64                _exit
 *(.fini9)
 *(.fini8)
 *(.fini8)
 *(.fini7)
 *(.fini7)
 *(.fini6)
 *(.fini6)
 *(.fini5)
 *(.fini5)
 *(.fini4)
 *(.fini4)
 *(.fini3)
 *(.fini3)
 *(.fini2)
 *(.fini2)
 *(.fini1)
 *(.fini1)
 *(.fini0)
 .fini0         0x00000d64        0x4 c:/winavr-20100110/bin/../lib/gcc/avr/4.3.3/avr5\libgcc.a(_exit.o)
 *(.fini0)
                0x00000d68                _etext = .

.data           0x00800060        0x0 load address 0x00000d68
                0x00800060                PROVIDE (__data_start, .)
 *(.data)
 .data          0x00800060        0x0 c:/winavr-20100110/bin/../lib/gcc/avr/4.3.3/../../../../avr/lib/avr5/crtm32.o
 .data          0x00800060        0x0 ./Buttons.o
 .data          0x00800060        0x0 ./Gpio.o
 .data          0x00800060        0x0 ./Interrupt.o
 .data          0x00800060        0x0 ./TMU.o
 .data          0x00800060        0x0 ./Timer.o
 .data          0x00800060        0x0 ./del.o
 .data          0x00800060        0x0 ./main.o
 .data          0x00800060        0x0 c:/winavr-20100110/bin/../lib/gcc/avr/4.3.3/avr5\libgcc.a(_udivmodsi4.o)
 .data          0x00800060        0x0 c:/winavr-20100110/bin/../lib/gcc/avr/4.3.3/avr5\libgcc.a(_exit.o)
 .data          0x00800060        0x0 c:/winavr-20100110/bin/../lib/gcc/avr/4.3.3/avr5\libgcc.a(_clear_bss.o)
 *(.data*)
 *(.rodata)
 *(.rodata*)
 *(.gnu.linkonce.d*)
                0x00800060                . = ALIGN (0x2)
                0x00800060                _edata = .
                0x00800060                PROVIDE (__data_end, .)

.bss            0x00800060      0x32c
                0x00800060                PROVIDE (__bss_start, .)
 *(.bss)
 .bss           0x00800060        0x0 c:/winavr-20100110/bin/../lib/gcc/avr/4.3.3/../../../../avr/lib/avr5/crtm32.o
 .bss           0x00800060        0x0 ./Buttons.o
 .bss           0x00800060        0x0 ./Gpio.o
 .bss           0x00800060        0x0 ./Interrupt.o
 .bss           0x00800060        0x0 ./TMU.o
 .bss           0x00800060        0x0 ./Timer.o
 .bss           0x00800060        0x0 ./del.o
 .bss           0x00800060        0x0 ./main.o
 .bss           0x00800060        0x0 c:/winavr-20100110/bin/../lib/gcc/avr/4.3.3/avr5\libgcc.a(_udivmodsi4.o)
 .bss           0x00800060        0x0 c:/winavr-20100110/bin/../lib/gcc/avr/4.3.3/avr5\libgcc.a(_exit.o)
 .bss           0x00800060        0x0 c:/winavr-20100110/bin/../lib/gcc/avr/4.3.3/avr5\libgcc.a(_clear_bss.o)
 *(.bss*)
 .bss.flag      0x00800060        0x4 ./TMU.o
 .bss.temp      0x00800064        0x4 ./TMU.o
 .bss.Num_Tmus  0x00800068        0x1 ./TMU.o
 .bss.counter   0x00800069        0x1 ./Timer.o
                0x00800069                counter
 .bss.CallBack2
                0x0080006a        0x2 ./Timer.o
 *(COMMON)
 COMMON         0x0080006c      0x320 ./TMU.o
                0x0080006c                TMU_ARR
                0x0080038c                PROVIDE (__bss_end, .)
                0x00000d68                __data_load_start = LOADADDR (.data)
                0x00000d68                __data_load_end = (__data_load_start + SIZEOF (.data))

.noinit         0x0080038c        0x0
                0x0080038c                PROVIDE (__noinit_start, .)
 *(.noinit*)
                0x0080038c                PROVIDE (__noinit_end, .)
                0x0080038c                _end = .
                0x0080038c                PROVIDE (__heap_start, .)

.eeprom         0x00810000        0x0
 *(.eeprom*)
                0x00810000                __eeprom_end = .

.fuse
 *(.fuse)
 *(.lfuse)
 *(.hfuse)
 *(.efuse)

.lock
 *(.lock*)

.signature
 *(.signature*)

.stab           0x00000000     0x1500
 *(.stab)
 .stab          0x00000000      0x2ac ./Buttons.o
 .stab          0x000002ac      0x3f0 ./Gpio.o
                                0x480 (size before relaxing)
 .stab          0x0000069c      0x2a0 ./Interrupt.o
                                0x330 (size before relaxing)
 .stab          0x0000093c      0x3a8 ./TMU.o
                                0x438 (size before relaxing)
 .stab          0x00000ce4      0x2f4 ./Timer.o
                                0x384 (size before relaxing)
 .stab          0x00000fd8      0x180 ./del.o
                                0x210 (size before relaxing)
 .stab          0x00001158      0x3a8 ./main.o
                                0x45c (size before relaxing)

.stabstr        0x00000000      0x8ea
 *(.stabstr)
 .stabstr       0x00000000      0x8ea ./Buttons.o

.stab.excl
 *(.stab.excl)

.stab.exclstr
 *(.stab.exclstr)

.stab.index
 *(.stab.index)

.stab.indexstr
 *(.stab.indexstr)

.comment
 *(.comment)

.debug
 *(.debug)

.line
 *(.line)

.debug_srcinfo
 *(.debug_srcinfo)

.debug_sfnames
 *(.debug_sfnames)

.debug_aranges
 *(.debug_aranges)

.debug_pubnames
 *(.debug_pubnames)

.debug_info
 *(.debug_info)
 *(.gnu.linkonce.wi.*)

.debug_abbrev
 *(.debug_abbrev)

.debug_line
 *(.debug_line)

.debug_frame
 *(.debug_frame)

.debug_str
 *(.debug_str)

.debug_loc
 *(.debug_loc)

.debug_macinfo
 *(.debug_macinfo)
OUTPUT(TMU.elf elf32-avr)
LOAD linker stubs
